// Jest Snapshot v1, https://goo.gl/fbAQLP

exports[`Wrapped Button Component Wrapped Button rendered correctly 1`] = `
<button
  className="button tooltip"
  onClick={[Function]}
>
  test label
  <span
    className="tooltiptext top"
  >
    test toolTip
  </span>
</button>
`;
