// Jest Snapshot v1, https://goo.gl/fbAQLP

exports[`NameInput Component renders correctly 1`] = `
<input
  onChange={[Function]}
/>
`;
