// Jest Snapshot v1, https://goo.gl/fbAQLP

exports[`Output Component should match the snapshot 1`] = `
<div
  id="maintext"
/>
`;
