// Jest Snapshot v1, https://goo.gl/fbAQLP

exports[`Time Display Component should match the snapshot 1`] = `
<div
  className="timeDisplay"
>
  <p>
    Day#: 
    0
    <br />
    Time: 
    5
    :
    12
  </p>
</div>
`;
